INT ADD PASSED
INT ADD OVERFLOW PASSED
INT ADD UNDERFLOW PASSED
INT64 ADD PASSED
INT64 ADD OVERFLOW PASSED
INT64 ADD UNDERFLOW PASSED
UINT64 ADD PASSED
UINT64 ADD OVERFLOW PASSED
UINT64 ADD UNDERFLOW PASSED
PASSED
