INT PASSED
INT64 PASSED
UINT64 PASSED
BOOL PASSED
DOUBLE PASSED
STRING PASSED
STRINGTODOUBLE PASSED
PARSE AND SET PASSED
PASSED
